// Jest Snapshot v1, https://goo.gl/fbAQLP

exports[`<MenuCard/> Renders when data is provided 1`] = `
Array [
  <div
    className="container"
  >
    <img
      alt="dish"
      className="img"
      height="150vw"
      src="assets/pexels-ash-376464.jpg"
      width="150vw"
    />
    <section
      className="section"
    >
      <div
        className="titleContainer"
      >
        <p
          className="title"
        >
          buttermilk pancakes
        </p>
        <p>
          250kr
        </p>
      </div>
      <p
        className="desc"
      >
        I'm baby woke mlkshk wolf bitters live-edge blue bottle, hammock freegan copper mug whatever cold-pressed 
      </p>
    </section>
  </div>,
  <div
    className="container"
  >
    <img
      alt="dish"
      className="img"
      height="150vw"
      src="assets/pexels-jonathan-borba-2983098.jpg"
      width="150vw"
    />
    <section
      className="section"
    >
      <div
        className="titleContainer"
      >
        <p
          className="title"
        >
          diner double
        </p>
        <p>
          300kr
        </p>
      </div>
      <p
        className="desc"
      >
        vaporware iPhone mumblecore selvage raw denim slow-carb leggings gochujang helvetica man bra'id' jianbing. Marfa thundercats 
      </p>
    </section>
  </div>,
  <div
    className="container"
  >
    <img
      alt="dish"
      className="img"
      height="150vw"
      src="assets/pexels-archie-binamira-1193335.jpg"
      width="150vw"
    />
    <section
      className="section"
    >
      <div
        className="titleContainer"
      >
        <p
          className="title"
        >
          godzilla milkshake
        </p>
        <p>
          160kr
        </p>
      </div>
      <p
        className="desc"
      >
        ombucha chillwave fanny pack 3 wolf moon street art photo booth before they sold out organic viral.
      </p>
    </section>
  </div>,
  <div
    className="container"
  >
    <img
      alt="dish"
      className="img"
      height="150vw"
      src="assets/pexels-chan-walrus-958545.jpg"
      width="150vw"
    />
    <section
      className="section"
    >
      <div
        className="titleContainer"
      >
        <p
          className="title"
        >
          country delight
        </p>
        <p>
          300kr
        </p>
      </div>
      <p
        className="desc"
      >
        Shabby chic keffiyeh neutra snackwave pork belly shoreditch. Prism austin mlkshk truffaut, 
      </p>
    </section>
  </div>,
  <div
    className="container"
  >
    <img
      alt="dish"
      className="img"
      height="150vw"
      src="assets/pexels-pixabay-236813.jpg"
      width="150vw"
    />
    <section
      className="section"
    >
      <div
        className="titleContainer"
      >
        <p
          className="title"
        >
          egg attack
        </p>
        <p>
          150kr
        </p>
      </div>
      <p
        className="desc"
      >
        franzen vegan pabst bicycle rights kickstarter pinterest meditation farm-to-table 90's pop-up 
      </p>
    </section>
  </div>,
  <div
    className="container"
  >
    <img
      alt="dish"
      className="img"
      height="150vw"
      src="assets/pexels-rodnae-productions-6413433.jpg"
      width="150vw"
    />
    <section
      className="section"
    >
      <div
        className="titleContainer"
      >
        <p
          className="title"
        >
          oreo dream
        </p>
        <p>
          150kr
        </p>
      </div>
      <p
        className="desc"
      >
        Portland chicharrones ethical edison bulb, palo santo craft beer chia heirloom iPhone everyday
      </p>
    </section>
  </div>,
  <div
    className="container"
  >
    <img
      alt="dish"
      className="img"
      height="150vw"
      src="assets/pexels-rachel-claire-5531424.jpg"
      width="150vw"
    />
    <section
      className="section"
    >
      <div
        className="titleContainer"
      >
        <p
          className="title"
        >
          bacon overflow
        </p>
        <p>
          200kr
        </p>
      </div>
      <p
        className="desc"
      >
        carry jianbing normcore freegan. Viral single-origin coffee live-edge, pork belly cloud bread iceland put a bird 
      </p>
    </section>
  </div>,
  <div
    className="container"
  >
    <img
      alt="dish"
      className="img"
      height="150vw"
      src="assets/pexels-kevin-menajang-982612.jpg"
      width="150vw"
    />
    <section
      className="section"
    >
      <div
        className="titleContainer"
      >
        <p
          className="title"
        >
          american classic
        </p>
        <p>
          60kr
        </p>
      </div>
      <p
        className="desc"
      >
        on it tumblr kickstarter thundercats migas everyday carry squid palo santo leggings. Food truck truffaut
      </p>
    </section>
  </div>,
  <div
    className="container"
  >
    <img
      alt="dish"
      className="img"
      height="150vw"
      src="assets/pexels-alexander-mils-2103945.jpg"
      width="150vw"
    />
    <section
      className="section"
    >
      <div
        className="titleContainer"
      >
        <p
          className="title"
        >
          quarantine buddy
        </p>
        <p>
          100kr
        </p>
      </div>
      <p
        className="desc"
      >
        skateboard fam synth authentic semiotics. Live-edge lyft af, edison bulb yuccie crucifix microdosing.
      </p>
    </section>
  </div>,
  <div
    className="container"
  >
    <img
      alt="dish"
      className="img"
      height="150vw"
      src="assets/pexels-horizon-content-3727198.jpg"
      width="150vw"
    />
    <section
      className="section"
    >
      <div
        className="titleContainer"
      >
        <p
          className="title"
        >
          noodle doodle
        </p>
        <p>
          250kr
        </p>
      </div>
      <p
        className="desc"
      >
        skateboard fam synth authentic semiotics. Live-edge lyft af, edison bulb yuccie crucifix microdosing.
      </p>
    </section>
  </div>,
]
`;

exports[`<MenuCard/> Renders when no data is provided 1`] = `null`;
