// Jest Snapshot v1, https://goo.gl/fbAQLP

exports[`<Menu/> Menu render correctly 1`] = `
<Fragment>
  <nav
    className={
      Array [
        "nav",
      ]
    }
  >
    <ul
      className={
        Array [
          "menuNav",
        ]
      }
    >
      <li>
        <div
          className="menuNavItem"
          onClick={[Function]}
          onKeyPress={[Function]}
          role="presentation"
        >
          <NavButtons />
        </div>
      </li>
    </ul>
  </nav>
</Fragment>
`;
