// Jest Snapshot v1, https://goo.gl/fbAQLP

exports[`<Burger/> Burger render 1`] = `
<Fragment>
  <div
    className="menuBtn"
    onClick={[Function]}
    onKeyPress={[Function]}
    role="button"
    tabIndex="0"
  >
    <span
      className={
        Array [
          "burger",
        ]
      }
    />
  </div>
</Fragment>
`;
